// Jest Snapshot v1, https://goo.gl/fbAQLP

exports[`VideoPlayer correctly renders after relaunch 1`] = `
<video
  className="player__video"
  controls={false}
  height="100%"
  loop={false}
  muted={false}
  poster="https://es31-server.appspot.com/wtw/static/film/poster/Shutter_Island.jpg"
  src="http://peach.themazzone.com/durian/movies/sintel-1024-surround.mp4"
  width="100%"
/>
`;
